prisma:query SELECT "public"."LearnedSynonym"."id", "public"."LearnedSynonym"."sourceTerm", "public"."LearnedSynonym"."targetTerm", "public"."LearnedSynonym"."locale", "public"."LearnedSynonym"."category", "public"."LearnedSynonym"."source", "public"."LearnedSynonym"."confidence", "public"."LearnedSynonym"."useCount", "public"."LearnedSynonym"."successCount", "public"."LearnedSynonym"."failureCount", "public"."LearnedSynonym"."createdAt", "public"."LearnedSynonym"."lastUsedAt" FROM "public"."LearnedSynonym" WHERE "public"."LearnedSynonym"."sourceTerm" = $1 ORDER BY "public"."LearnedSynonym"."useCount" DESC LIMIT $2 OFFSET $3
prisma:query SELECT "public"."ValidatedMapping"."id", "public"."ValidatedMapping"."rawIngredient", "public"."ValidatedMapping"."normalizedForm", "public"."ValidatedMapping"."foodId", "public"."ValidatedMapping"."foodName", "public"."ValidatedMapping"."brandName", "public"."ValidatedMapping"."source", "public"."ValidatedMapping"."aiConfidence", "public"."ValidatedMapping"."validationReason", "public"."ValidatedMapping"."isAlias", "public"."ValidatedMapping"."canonicalRawIngredient", "public"."ValidatedMapping"."validatedAt", "public"."ValidatedMapping"."validatedBy", "public"."ValidatedMapping"."usedCount", "public"."ValidatedMapping"."lastUsedAt", "public"."ValidatedMapping"."createdAt", "public"."ValidatedMapping"."updatedAt" FROM "public"."ValidatedMapping" WHERE (("public"."ValidatedMapping"."normalizedForm" = $1 AND "public"."ValidatedMapping"."source" = $2) AND 1=1) LIMIT $3 OFFSET $4
prisma:query SELECT "public"."ValidatedMapping"."id", "public"."ValidatedMapping"."rawIngredient", "public"."ValidatedMapping"."normalizedForm", "public"."ValidatedMapping"."foodId", "public"."ValidatedMapping"."foodName", "public"."ValidatedMapping"."brandName", "public"."ValidatedMapping"."source", "public"."ValidatedMapping"."aiConfidence", "public"."ValidatedMapping"."validationReason", "public"."ValidatedMapping"."isAlias", "public"."ValidatedMapping"."canonicalRawIngredient", "public"."ValidatedMapping"."validatedAt", "public"."ValidatedMapping"."validatedBy", "public"."ValidatedMapping"."usedCount", "public"."ValidatedMapping"."lastUsedAt", "public"."ValidatedMapping"."createdAt", "public"."ValidatedMapping"."updatedAt" FROM "public"."ValidatedMapping" WHERE (("public"."ValidatedMapping"."normalizedForm" = $1 AND "public"."ValidatedMapping"."source" = $2) AND 1=1) LIMIT $3 OFFSET $4
prisma:query SELECT "public"."ValidatedMapping"."id", "public"."ValidatedMapping"."rawIngredient", "public"."ValidatedMapping"."normalizedForm", "public"."ValidatedMapping"."foodId", "public"."ValidatedMapping"."foodName", "public"."ValidatedMapping"."brandName", "public"."ValidatedMapping"."source", "public"."ValidatedMapping"."aiConfidence", "public"."ValidatedMapping"."validationReason", "public"."ValidatedMapping"."isAlias", "public"."ValidatedMapping"."canonicalRawIngredient", "public"."ValidatedMapping"."validatedAt", "public"."ValidatedMapping"."validatedBy", "public"."ValidatedMapping"."usedCount", "public"."ValidatedMapping"."lastUsedAt", "public"."ValidatedMapping"."createdAt", "public"."ValidatedMapping"."updatedAt" FROM "public"."ValidatedMapping" WHERE ("public"."ValidatedMapping"."source" = $1 AND "public"."ValidatedMapping"."normalizedForm"::text LIKE $2) ORDER BY "public"."ValidatedMapping"."usedCount" DESC, "public"."ValidatedMapping"."createdAt" ASC LIMIT $3 OFFSET $4
prisma:query SELECT "public"."LearnedSynonym"."id", "public"."LearnedSynonym"."sourceTerm", "public"."LearnedSynonym"."targetTerm", "public"."LearnedSynonym"."locale", "public"."LearnedSynonym"."category", "public"."LearnedSynonym"."source", "public"."LearnedSynonym"."confidence", "public"."LearnedSynonym"."useCount", "public"."LearnedSynonym"."successCount", "public"."LearnedSynonym"."failureCount", "public"."LearnedSynonym"."createdAt", "public"."LearnedSynonym"."lastUsedAt" FROM "public"."LearnedSynonym" WHERE "public"."LearnedSynonym"."sourceTerm" = $1 ORDER BY "public"."LearnedSynonym"."successCount" DESC, "public"."LearnedSynonym"."useCount" DESC LIMIT $2 OFFSET $3
prisma:query SELECT "public"."LearnedSynonym"."id", "public"."LearnedSynonym"."sourceTerm", "public"."LearnedSynonym"."targetTerm", "public"."LearnedSynonym"."locale", "public"."LearnedSynonym"."category", "public"."LearnedSynonym"."source", "public"."LearnedSynonym"."confidence", "public"."LearnedSynonym"."useCount", "public"."LearnedSynonym"."successCount", "public"."LearnedSynonym"."failureCount", "public"."LearnedSynonym"."createdAt", "public"."LearnedSynonym"."lastUsedAt" FROM "public"."LearnedSynonym" WHERE "public"."LearnedSynonym"."sourceTerm" = $1 ORDER BY "public"."LearnedSynonym"."successCount" DESC, "public"."LearnedSynonym"."useCount" DESC LIMIT $2 OFFSET $3
prisma:query SELECT "public"."LearnedSynonym"."id", "public"."LearnedSynonym"."sourceTerm", "public"."LearnedSynonym"."targetTerm", "public"."LearnedSynonym"."locale", "public"."LearnedSynonym"."category", "public"."LearnedSynonym"."source", "public"."LearnedSynonym"."confidence", "public"."LearnedSynonym"."useCount", "public"."LearnedSynonym"."successCount", "public"."LearnedSynonym"."failureCount", "public"."LearnedSynonym"."createdAt", "public"."LearnedSynonym"."lastUsedAt" FROM "public"."LearnedSynonym" WHERE "public"."LearnedSynonym"."sourceTerm" = $1 ORDER BY "public"."LearnedSynonym"."successCount" DESC, "public"."LearnedSynonym"."useCount" DESC LIMIT $2 OFFSET $3
{"level":"info","msg":"fdc.rerank","ts":"2026-04-08T05:36:03.820Z","query":"parmesan cheese fat free","fetchedCount":16,"promotedCount":0,"promoted":[],"finalTop3":[{"name":"fat free parmesan cheese topping","origPos":0,"priority":20},{"name":"cream fat free cheese","origPos":1,"priority":20},{"name":"parmesan dry grated reduced fat cheese","origPos":2,"priority":20}]}
prisma:query SELECT "public"."FdcFoodCache"."id", "public"."FdcFoodCache"."description", "public"."FdcFoodCache"."brandName", "public"."FdcFoodCache"."dataType", "public"."FdcFoodCache"."nutrients", "public"."FdcFoodCache"."servingSize", "public"."FdcFoodCache"."servingSizeUnit", "public"."FdcFoodCache"."syncedAt", "public"."FdcFoodCache"."expiresAt", "public"."FdcFoodCache"."createdAt", "public"."FdcFoodCache"."updatedAt" FROM "public"."FdcFoodCache" WHERE ("public"."FdcFoodCache"."id" = $1 AND 1=1) LIMIT $2 OFFSET $3
prisma:query SELECT "public"."FdcFoodCache"."id", "public"."FdcFoodCache"."description", "public"."FdcFoodCache"."brandName", "public"."FdcFoodCache"."dataType", "public"."FdcFoodCache"."nutrients", "public"."FdcFoodCache"."servingSize", "public"."FdcFoodCache"."servingSizeUnit", "public"."FdcFoodCache"."syncedAt", "public"."FdcFoodCache"."expiresAt", "public"."FdcFoodCache"."createdAt", "public"."FdcFoodCache"."updatedAt" FROM "public"."FdcFoodCache" WHERE ("public"."FdcFoodCache"."id" = $1 AND 1=1) LIMIT $2 OFFSET $3
prisma:query SELECT "public"."FdcFoodCache"."id", "public"."FdcFoodCache"."description", "public"."FdcFoodCache"."brandName", "public"."FdcFoodCache"."dataType", "public"."FdcFoodCache"."nutrients", "public"."FdcFoodCache"."servingSize", "public"."FdcFoodCache"."servingSizeUnit", "public"."FdcFoodCache"."syncedAt", "public"."FdcFoodCache"."expiresAt", "public"."FdcFoodCache"."createdAt", "public"."FdcFoodCache"."updatedAt" FROM "public"."FdcFoodCache" WHERE ("public"."FdcFoodCache"."id" = $1 AND 1=1) LIMIT $2 OFFSET $3
{"level":"info","msg":"fdc.rerank","ts":"2026-04-08T05:36:05.825Z","query":"parmesan cheese nonfat","fetchedCount":8,"promotedCount":0,"promoted":[],"finalTop3":[{"name":"mozzarella nonfat cheese","origPos":0,"priority":20},{"name":"parmesan grated cheese","origPos":1,"priority":20},{"name":"parmesan grated cheese","origPos":2,"priority":20}]}
prisma:query SELECT "public"."FdcFoodCache"."id", "public"."FdcFoodCache"."description", "public"."FdcFoodCache"."brandName", "public"."FdcFoodCache"."dataType", "public"."FdcFoodCache"."nutrients", "public"."FdcFoodCache"."servingSize", "public"."FdcFoodCache"."servingSizeUnit", "public"."FdcFoodCache"."syncedAt", "public"."FdcFoodCache"."expiresAt", "public"."FdcFoodCache"."createdAt", "public"."FdcFoodCache"."updatedAt" FROM "public"."FdcFoodCache" WHERE ("public"."FdcFoodCache"."id" = $1 AND 1=1) LIMIT $2 OFFSET $3
prisma:query SELECT "public"."FdcFoodCache"."id", "public"."FdcFoodCache"."description", "public"."FdcFoodCache"."brandName", "public"."FdcFoodCache"."dataType", "public"."FdcFoodCache"."nutrients", "public"."FdcFoodCache"."servingSize", "public"."FdcFoodCache"."servingSizeUnit", "public"."FdcFoodCache"."syncedAt", "public"."FdcFoodCache"."expiresAt", "public"."FdcFoodCache"."createdAt", "public"."FdcFoodCache"."updatedAt" FROM "public"."FdcFoodCache" WHERE ("public"."FdcFoodCache"."id" = $1 AND 1=1) LIMIT $2 OFFSET $3
prisma:query SELECT "public"."FdcFoodCache"."id", "public"."FdcFoodCache"."description", "public"."FdcFoodCache"."brandName", "public"."FdcFoodCache"."dataType", "public"."FdcFoodCache"."nutrients", "public"."FdcFoodCache"."servingSize", "public"."FdcFoodCache"."servingSizeUnit", "public"."FdcFoodCache"."syncedAt", "public"."FdcFoodCache"."expiresAt", "public"."FdcFoodCache"."createdAt", "public"."FdcFoodCache"."updatedAt" FROM "public"."FdcFoodCache" WHERE ("public"."FdcFoodCache"."id" = $1 AND 1=1) LIMIT $2 OFFSET $3
{"level":"info","msg":"fdc.rerank","ts":"2026-04-08T05:36:07.855Z","query":"parmesan cheese non-fat","fetchedCount":8,"promotedCount":0,"promoted":[],"finalTop3":[{"name":"fat free parmesan cheese topping","origPos":0,"priority":20},{"name":"parmesan dry grated reduced fat cheese","origPos":1,"priority":20},{"name":"vanilla non-fat yogurt","origPos":2,"priority":20}]}
{"level":"info","msg":"gather.candidates.complete","ts":"2026-04-08T05:36:07.856Z","rawLine":"8 oz parmesan cheese fat free","liveCount":8,"fdcCount":8,"synonymMatches":16,"totalUnique":19}
{"level":"info","msg":"normalize_gate.calling_llm","ts":"2026-04-08T05:36:07.857Z","rawLine":"8 oz parmesan cheese fat free","reason":"high_confidence_tie_needs_nutrition","candidateCount":19}
prisma:query SELECT "public"."FdcFoodCache"."id", "public"."FdcFoodCache"."description", "public"."FdcFoodCache"."brandName", "public"."FdcFoodCache"."dataType", "public"."FdcFoodCache"."nutrients", "public"."FdcFoodCache"."servingSize", "public"."FdcFoodCache"."servingSizeUnit", "public"."FdcFoodCache"."syncedAt", "public"."FdcFoodCache"."expiresAt", "public"."FdcFoodCache"."createdAt", "public"."FdcFoodCache"."updatedAt" FROM "public"."FdcFoodCache" WHERE ("public"."FdcFoodCache"."id" = $1 AND 1=1) LIMIT $2 OFFSET $3
prisma:query SELECT "public"."FdcFoodCache"."id", "public"."FdcFoodCache"."description", "public"."FdcFoodCache"."brandName", "public"."FdcFoodCache"."dataType", "public"."FdcFoodCache"."nutrients", "public"."FdcFoodCache"."servingSize", "public"."FdcFoodCache"."servingSizeUnit", "public"."FdcFoodCache"."syncedAt", "public"."FdcFoodCache"."expiresAt", "public"."FdcFoodCache"."createdAt", "public"."FdcFoodCache"."updatedAt" FROM "public"."FdcFoodCache" WHERE ("public"."FdcFoodCache"."id" = $1 AND 1=1) LIMIT $2 OFFSET $3
prisma:query SELECT "public"."FdcFoodCache"."id", "public"."FdcFoodCache"."description", "public"."FdcFoodCache"."brandName", "public"."FdcFoodCache"."dataType", "public"."FdcFoodCache"."nutrients", "public"."FdcFoodCache"."servingSize", "public"."FdcFoodCache"."servingSizeUnit", "public"."FdcFoodCache"."syncedAt", "public"."FdcFoodCache"."expiresAt", "public"."FdcFoodCache"."createdAt", "public"."FdcFoodCache"."updatedAt" FROM "public"."FdcFoodCache" WHERE ("public"."FdcFoodCache"."id" = $1 AND 1=1) LIMIT $2 OFFSET $3
prisma:query SELECT "public"."AiNormalizeCache"."normalizedKey", "public"."AiNormalizeCache"."rawLine", "public"."AiNormalizeCache"."normalizedName", "public"."AiNormalizeCache"."canonicalBase", "public"."AiNormalizeCache"."synonyms", "public"."AiNormalizeCache"."prepPhrases", "public"."AiNormalizeCache"."sizePhrases", "public"."AiNormalizeCache"."cookingModifier", "public"."AiNormalizeCache"."estimatedCaloriesPer100g", "public"."AiNormalizeCache"."estimatedProteinPer100g", "public"."AiNormalizeCache"."estimatedCarbsPer100g", "public"."AiNormalizeCache"."estimatedFatPer100g", "public"."AiNormalizeCache"."nutritionConfidence", "public"."AiNormalizeCache"."createdAt", "public"."AiNormalizeCache"."lastUsedAt", "public"."AiNormalizeCache"."useCount" FROM "public"."AiNormalizeCache" WHERE ("public"."AiNormalizeCache"."normalizedKey" = $1 AND 1=1) LIMIT $2 OFFSET $3
prisma:query UPDATE "public"."AiNormalizeCache" SET "useCount" = ("public"."AiNormalizeCache"."useCount" + $1), "lastUsedAt" = $2 WHERE ("public"."AiNormalizeCache"."normalizedKey" = $3 AND 1=1) RETURNING "public"."AiNormalizeCache"."normalizedKey", "public"."AiNormalizeCache"."rawLine", "public"."AiNormalizeCache"."normalizedName", "public"."AiNormalizeCache"."canonicalBase", "public"."AiNormalizeCache"."synonyms", "public"."AiNormalizeCache"."prepPhrases", "public"."AiNormalizeCache"."sizePhrases", "public"."AiNormalizeCache"."cookingModifier", "public"."AiNormalizeCache"."estimatedCaloriesPer100g", "public"."AiNormalizeCache"."estimatedProteinPer100g", "public"."AiNormalizeCache"."estimatedCarbsPer100g", "public"."AiNormalizeCache"."estimatedFatPer100g", "public"."AiNormalizeCache"."nutritionConfidence", "public"."AiNormalizeCache"."createdAt", "public"."AiNormalizeCache"."lastUsedAt", "public"."AiNormalizeCache"."useCount"
{"level":"info","msg":"mapping.ai_synonyms","ts":"2026-04-08T05:36:08.996Z","rawLine":"8 oz parmesan cheese fat free","synonyms":["parmigiano reggiano","parmesan"]}
prisma:query SELECT "public"."ValidatedMapping"."id", "public"."ValidatedMapping"."rawIngredient", "public"."ValidatedMapping"."normalizedForm", "public"."ValidatedMapping"."foodId", "public"."ValidatedMapping"."foodName", "public"."ValidatedMapping"."brandName", "public"."ValidatedMapping"."source", "public"."ValidatedMapping"."aiConfidence", "public"."ValidatedMapping"."validationReason", "public"."ValidatedMapping"."isAlias", "public"."ValidatedMapping"."canonicalRawIngredient", "public"."ValidatedMapping"."validatedAt", "public"."ValidatedMapping"."validatedBy", "public"."ValidatedMapping"."usedCount", "public"."ValidatedMapping"."lastUsedAt", "public"."ValidatedMapping"."createdAt", "public"."ValidatedMapping"."updatedAt" FROM "public"."ValidatedMapping" WHERE (("public"."ValidatedMapping"."normalizedForm" = $1 AND "public"."ValidatedMapping"."source" = $2) AND 1=1) LIMIT $3 OFFSET $4
prisma:query SELECT "public"."ValidatedMapping"."id", "public"."ValidatedMapping"."rawIngredient", "public"."ValidatedMapping"."normalizedForm", "public"."ValidatedMapping"."foodId", "public"."ValidatedMapping"."foodName", "public"."ValidatedMapping"."brandName", "public"."ValidatedMapping"."source", "public"."ValidatedMapping"."aiConfidence", "public"."ValidatedMapping"."validationReason", "public"."ValidatedMapping"."isAlias", "public"."ValidatedMapping"."canonicalRawIngredient", "public"."ValidatedMapping"."validatedAt", "public"."ValidatedMapping"."validatedBy", "public"."ValidatedMapping"."usedCount", "public"."ValidatedMapping"."lastUsedAt", "public"."ValidatedMapping"."createdAt", "public"."ValidatedMapping"."updatedAt" FROM "public"."ValidatedMapping" WHERE (("public"."ValidatedMapping"."normalizedForm" = $1 AND "public"."ValidatedMapping"."source" = $2) AND 1=1) LIMIT $3 OFFSET $4
prisma:query SELECT "public"."ValidatedMapping"."id", "public"."ValidatedMapping"."rawIngredient", "public"."ValidatedMapping"."normalizedForm", "public"."ValidatedMapping"."foodId", "public"."ValidatedMapping"."foodName", "public"."ValidatedMapping"."brandName", "public"."ValidatedMapping"."source", "public"."ValidatedMapping"."aiConfidence", "public"."ValidatedMapping"."validationReason", "public"."ValidatedMapping"."isAlias", "public"."ValidatedMapping"."canonicalRawIngredient", "public"."ValidatedMapping"."validatedAt", "public"."ValidatedMapping"."validatedBy", "public"."ValidatedMapping"."usedCount", "public"."ValidatedMapping"."lastUsedAt", "public"."ValidatedMapping"."createdAt", "public"."ValidatedMapping"."updatedAt" FROM "public"."ValidatedMapping" WHERE ("public"."ValidatedMapping"."source" = $1 AND "public"."ValidatedMapping"."normalizedForm"::text LIKE $2) ORDER BY "public"."ValidatedMapping"."usedCount" DESC, "public"."ValidatedMapping"."createdAt" ASC LIMIT $3 OFFSET $4
{"level":"info","msg":"fdc.rerank","ts":"2026-04-08T05:36:11.087Z","query":"fat free parmesan cheese","fetchedCount":16,"promotedCount":0,"promoted":[],"finalTop3":[{"name":"fat free parmesan cheese topping","origPos":0,"priority":20},{"name":"cream fat free cheese","origPos":1,"priority":20},{"name":"parmesan dry grated reduced fat cheese","origPos":2,"priority":20}]}
prisma:query SELECT "public"."FdcFoodCache"."id", "public"."FdcFoodCache"."description", "public"."FdcFoodCache"."brandName", "public"."FdcFoodCache"."dataType", "public"."FdcFoodCache"."nutrients", "public"."FdcFoodCache"."servingSize", "public"."FdcFoodCache"."servingSizeUnit", "public"."FdcFoodCache"."syncedAt", "public"."FdcFoodCache"."expiresAt", "public"."FdcFoodCache"."createdAt", "public"."FdcFoodCache"."updatedAt" FROM "public"."FdcFoodCache" WHERE ("public"."FdcFoodCache"."id" = $1 AND 1=1) LIMIT $2 OFFSET $3
prisma:query SELECT "public"."FdcFoodCache"."id", "public"."FdcFoodCache"."description", "public"."FdcFoodCache"."brandName", "public"."FdcFoodCache"."dataType", "public"."FdcFoodCache"."nutrients", "public"."FdcFoodCache"."servingSize", "public"."FdcFoodCache"."servingSizeUnit", "public"."FdcFoodCache"."syncedAt", "public"."FdcFoodCache"."expiresAt", "public"."FdcFoodCache"."createdAt", "public"."FdcFoodCache"."updatedAt" FROM "public"."FdcFoodCache" WHERE ("public"."FdcFoodCache"."id" = $1 AND 1=1) LIMIT $2 OFFSET $3
prisma:query SELECT "public"."FdcFoodCache"."id", "public"."FdcFoodCache"."description", "public"."FdcFoodCache"."brandName", "public"."FdcFoodCache"."dataType", "public"."FdcFoodCache"."nutrients", "public"."FdcFoodCache"."servingSize", "public"."FdcFoodCache"."servingSizeUnit", "public"."FdcFoodCache"."syncedAt", "public"."FdcFoodCache"."expiresAt", "public"."FdcFoodCache"."createdAt", "public"."FdcFoodCache"."updatedAt" FROM "public"."FdcFoodCache" WHERE ("public"."FdcFoodCache"."id" = $1 AND 1=1) LIMIT $2 OFFSET $3
{"level":"info","msg":"fdc.rerank","ts":"2026-04-08T05:36:13.085Z","query":"nonfat parmesan cheese","fetchedCount":8,"promotedCount":0,"promoted":[],"finalTop3":[{"name":"mozzarella nonfat cheese","origPos":0,"priority":20},{"name":"parmesan grated cheese","origPos":1,"priority":20},{"name":"parmesan grated cheese","origPos":2,"priority":20}]}
prisma:query SELECT "public"."FdcFoodCache"."id", "public"."FdcFoodCache"."description", "public"."FdcFoodCache"."brandName", "public"."FdcFoodCache"."dataType", "public"."FdcFoodCache"."nutrients", "public"."FdcFoodCache"."servingSize", "public"."FdcFoodCache"."servingSizeUnit", "public"."FdcFoodCache"."syncedAt", "public"."FdcFoodCache"."expiresAt", "public"."FdcFoodCache"."createdAt", "public"."FdcFoodCache"."updatedAt" FROM "public"."FdcFoodCache" WHERE ("public"."FdcFoodCache"."id" = $1 AND 1=1) LIMIT $2 OFFSET $3
prisma:query SELECT "public"."FdcFoodCache"."id", "public"."FdcFoodCache"."description", "public"."FdcFoodCache"."brandName", "public"."FdcFoodCache"."dataType", "public"."FdcFoodCache"."nutrients", "public"."FdcFoodCache"."servingSize", "public"."FdcFoodCache"."servingSizeUnit", "public"."FdcFoodCache"."syncedAt", "public"."FdcFoodCache"."expiresAt", "public"."FdcFoodCache"."createdAt", "public"."FdcFoodCache"."updatedAt" FROM "public"."FdcFoodCache" WHERE ("public"."FdcFoodCache"."id" = $1 AND 1=1) LIMIT $2 OFFSET $3
prisma:query SELECT "public"."FdcFoodCache"."id", "public"."FdcFoodCache"."description", "public"."FdcFoodCache"."brandName", "public"."FdcFoodCache"."dataType", "public"."FdcFoodCache"."nutrients", "public"."FdcFoodCache"."servingSize", "public"."FdcFoodCache"."servingSizeUnit", "public"."FdcFoodCache"."syncedAt", "public"."FdcFoodCache"."expiresAt", "public"."FdcFoodCache"."createdAt", "public"."FdcFoodCache"."updatedAt" FROM "public"."FdcFoodCache" WHERE ("public"."FdcFoodCache"."id" = $1 AND 1=1) LIMIT $2 OFFSET $3
{"level":"info","msg":"fdc.rerank","ts":"2026-04-08T05:36:14.934Z","query":"non-fat parmesan cheese","fetchedCount":8,"promotedCount":0,"promoted":[],"finalTop3":[{"name":"fat free parmesan cheese topping","origPos":0,"priority":20},{"name":"parmesan dry grated reduced fat cheese","origPos":1,"priority":20},{"name":"vanilla non-fat yogurt","origPos":2,"priority":20}]}
{"level":"info","msg":"gather.candidates.complete","ts":"2026-04-08T05:36:14.934Z","rawLine":"8 oz parmesan cheese fat free","liveCount":8,"fdcCount":8,"synonymMatches":20,"totalUnique":23}
[DEBUG] hasCriticalModifierMismatch: Evaluating Fat Free Parmesan Cheese Topping. nutrition.fat=5.066666666666667
[DEBUG] hasCriticalModifierMismatch: REJECTED Fat Free Parmesan Cheese Topping
[DEBUG] hasCriticalModifierMismatch: Evaluating Parmesan Cheese (Fat Free Topping). nutrition.fat=5.008818342151675
[DEBUG] hasCriticalModifierMismatch: REJECTED Parmesan Cheese (Fat Free Topping)
[DEBUG] hasCriticalModifierMismatch: Evaluating Hard Parmesan Cheese. nutrition.fat=25.83
[DEBUG] hasCriticalModifierMismatch: REJECTED Hard Parmesan Cheese
[DEBUG] hasCriticalModifierMismatch: Evaluating Dry Grated Parmesan Cheese. nutrition.fat=28.599999999999998
[DEBUG] hasCriticalModifierMismatch: REJECTED Dry Grated Parmesan Cheese
[DEBUG] hasCriticalModifierMismatch: Evaluating Low Sodium Parmesan Cheese. nutrition.fat=30
[DEBUG] hasCriticalModifierMismatch: REJECTED Low Sodium Parmesan Cheese
[DEBUG] hasCriticalModifierMismatch: Evaluating Fat Free American Cheese. nutrition.fat=0.8095238095238095
[DEBUG] hasCriticalModifierMismatch: Evaluating Fat Free Cholesterol Free Danish Pastry with Cheese. nutrition.fat=0.625
[DEBUG] hasCriticalModifierMismatch: Evaluating Nonfat or Fat Free Mozzarella Cheese. nutrition.fat=0
[DEBUG] hasCriticalModifierMismatch: Evaluating fat free parmesan cheese topping. nutrition.fat=5
[DEBUG] hasCriticalModifierMismatch: REJECTED fat free parmesan cheese topping
[DEBUG] hasCriticalModifierMismatch: Evaluating cream fat free cheese. nutrition.fat=1
[DEBUG] hasCriticalModifierMismatch: Evaluating parmesan dry grated reduced fat cheese. nutrition.fat=20
[DEBUG] hasCriticalModifierMismatch: REJECTED parmesan dry grated reduced fat cheese
[DEBUG] hasCriticalModifierMismatch: Evaluating american nonfat or fat free cheese. nutrition.fat=0
[DEBUG] hasCriticalModifierMismatch: Evaluating cheddar nonfat or fat free cheese. nutrition.fat=0
[DEBUG] hasCriticalModifierMismatch: Evaluating swiss nonfat or fat free cheese. nutrition.fat=0
[DEBUG] hasCriticalModifierMismatch: Evaluating parmesan grated cheese. nutrition.fat=27.8
[DEBUG] hasCriticalModifierMismatch: REJECTED parmesan grated cheese
[DEBUG] hasCriticalModifierMismatch: Evaluating parmesan grated cheese. nutrition.fat=28
[DEBUG] hasCriticalModifierMismatch: REJECTED parmesan grated cheese
[DEBUG] hasCriticalModifierMismatch: Evaluating mozzarella nonfat cheese. nutrition.fat=0
[DEBUG] hasCriticalModifierMismatch: Evaluating parmesan hard cheese. nutrition.fat=25
[DEBUG] hasCriticalModifierMismatch: REJECTED parmesan hard cheese
[DEBUG] hasCriticalModifierMismatch: Evaluating vanilla non-fat yogurt. nutrition.fat=0
[DEBUG] hasCriticalModifierMismatch: Evaluating Parmigiano Reggiano Cheese. nutrition.fat=28.571428571428573
[DEBUG] hasCriticalModifierMismatch: REJECTED Parmigiano Reggiano Cheese
[DEBUG] hasCriticalModifierMismatch: Evaluating Parmigiano Reggiano Cheese. nutrition.fat=30
[DEBUG] hasCriticalModifierMismatch: REJECTED Parmigiano Reggiano Cheese
[DEBUG] hasCriticalModifierMismatch: Evaluating Parmesan Cheese (Shredded). nutrition.fat=27.400000000000002
[DEBUG] hasCriticalModifierMismatch: REJECTED Parmesan Cheese (Shredded)
[DEBUG] hasCriticalModifierMismatch: Evaluating Parmesan Cheese (Grated). nutrition.fat=28.599999999999998
[DEBUG] hasCriticalModifierMismatch: REJECTED Parmesan Cheese (Grated)
{"level":"info","msg":"mapping.relaxed_filter_recovery","ts":"2026-04-08T05:36:14.944Z","rawLine":"8 oz parmesan cheese fat free","recoveredCount":21}
{"level":"info","msg":"mapping.attempting_fallback","ts":"2026-04-08T05:36:14.944Z","rawLine":"8 oz parmesan cheese fat free","currentConfidence":0}
prisma:query SELECT "public"."FdcFoodCache"."id", "public"."FdcFoodCache"."description", "public"."FdcFoodCache"."brandName", "public"."FdcFoodCache"."dataType", "public"."FdcFoodCache"."nutrients", "public"."FdcFoodCache"."servingSize", "public"."FdcFoodCache"."servingSizeUnit", "public"."FdcFoodCache"."syncedAt", "public"."FdcFoodCache"."expiresAt", "public"."FdcFoodCache"."createdAt", "public"."FdcFoodCache"."updatedAt" FROM "public"."FdcFoodCache" WHERE ("public"."FdcFoodCache"."id" = $1 AND 1=1) LIMIT $2 OFFSET $3
prisma:query SELECT "public"."FdcFoodCache"."id", "public"."FdcFoodCache"."description", "public"."FdcFoodCache"."brandName", "public"."FdcFoodCache"."dataType", "public"."FdcFoodCache"."nutrients", "public"."FdcFoodCache"."servingSize", "public"."FdcFoodCache"."servingSizeUnit", "public"."FdcFoodCache"."syncedAt", "public"."FdcFoodCache"."expiresAt", "public"."FdcFoodCache"."createdAt", "public"."FdcFoodCache"."updatedAt" FROM "public"."FdcFoodCache" WHERE ("public"."FdcFoodCache"."id" = $1 AND 1=1) LIMIT $2 OFFSET $3
prisma:query SELECT "public"."AiNormalizeCache"."normalizedKey", "public"."AiNormalizeCache"."rawLine", "public"."AiNormalizeCache"."normalizedName", "public"."AiNormalizeCache"."canonicalBase", "public"."AiNormalizeCache"."synonyms", "public"."AiNormalizeCache"."prepPhrases", "public"."AiNormalizeCache"."sizePhrases", "public"."AiNormalizeCache"."cookingModifier", "public"."AiNormalizeCache"."estimatedCaloriesPer100g", "public"."AiNormalizeCache"."estimatedProteinPer100g", "public"."AiNormalizeCache"."estimatedCarbsPer100g", "public"."AiNormalizeCache"."estimatedFatPer100g", "public"."AiNormalizeCache"."nutritionConfidence", "public"."AiNormalizeCache"."createdAt", "public"."AiNormalizeCache"."lastUsedAt", "public"."AiNormalizeCache"."useCount" FROM "public"."AiNormalizeCache" WHERE ("public"."AiNormalizeCache"."normalizedKey" = $1 AND 1=1) LIMIT $2 OFFSET $3
prisma:query SELECT "public"."FdcFoodCache"."id", "public"."FdcFoodCache"."description", "public"."FdcFoodCache"."brandName", "public"."FdcFoodCache"."dataType", "public"."FdcFoodCache"."nutrients", "public"."FdcFoodCache"."servingSize", "public"."FdcFoodCache"."servingSizeUnit", "public"."FdcFoodCache"."syncedAt", "public"."FdcFoodCache"."expiresAt", "public"."FdcFoodCache"."createdAt", "public"."FdcFoodCache"."updatedAt" FROM "public"."FdcFoodCache" WHERE ("public"."FdcFoodCache"."id" = $1 AND 1=1) LIMIT $2 OFFSET $3
prisma:query UPDATE "public"."AiNormalizeCache" SET "useCount" = ("public"."AiNormalizeCache"."useCount" + $1), "lastUsedAt" = $2 WHERE ("public"."AiNormalizeCache"."normalizedKey" = $3 AND 1=1) RETURNING "public"."AiNormalizeCache"."normalizedKey", "public"."AiNormalizeCache"."rawLine", "public"."AiNormalizeCache"."normalizedName", "public"."AiNormalizeCache"."canonicalBase", "public"."AiNormalizeCache"."synonyms", "public"."AiNormalizeCache"."prepPhrases", "public"."AiNormalizeCache"."sizePhrases", "public"."AiNormalizeCache"."cookingModifier", "public"."AiNormalizeCache"."estimatedCaloriesPer100g", "public"."AiNormalizeCache"."estimatedProteinPer100g", "public"."AiNormalizeCache"."estimatedCarbsPer100g", "public"."AiNormalizeCache"."estimatedFatPer100g", "public"."AiNormalizeCache"."nutritionConfidence", "public"."AiNormalizeCache"."createdAt", "public"."AiNormalizeCache"."lastUsedAt", "public"."AiNormalizeCache"."useCount"
{"level":"info","msg":"mapping.fallback_simplification","ts":"2026-04-08T05:36:15.349Z","original":"8 oz parmesan cheese fat free","simplified":"Fat Free Parmesan Cheese"}
prisma:query SELECT "public"."LearnedSynonym"."id", "public"."LearnedSynonym"."sourceTerm", "public"."LearnedSynonym"."targetTerm", "public"."LearnedSynonym"."locale", "public"."LearnedSynonym"."category", "public"."LearnedSynonym"."source", "public"."LearnedSynonym"."confidence", "public"."LearnedSynonym"."useCount", "public"."LearnedSynonym"."successCount", "public"."LearnedSynonym"."failureCount", "public"."LearnedSynonym"."createdAt", "public"."LearnedSynonym"."lastUsedAt" FROM "public"."LearnedSynonym" WHERE "public"."LearnedSynonym"."sourceTerm" = $1 ORDER BY "public"."LearnedSynonym"."useCount" DESC LIMIT $2 OFFSET $3
prisma:query SELECT "public"."ValidatedMapping"."id", "public"."ValidatedMapping"."rawIngredient", "public"."ValidatedMapping"."normalizedForm", "public"."ValidatedMapping"."foodId", "public"."ValidatedMapping"."foodName", "public"."ValidatedMapping"."brandName", "public"."ValidatedMapping"."source", "public"."ValidatedMapping"."aiConfidence", "public"."ValidatedMapping"."validationReason", "public"."ValidatedMapping"."isAlias", "public"."ValidatedMapping"."canonicalRawIngredient", "public"."ValidatedMapping"."validatedAt", "public"."ValidatedMapping"."validatedBy", "public"."ValidatedMapping"."usedCount", "public"."ValidatedMapping"."lastUsedAt", "public"."ValidatedMapping"."createdAt", "public"."ValidatedMapping"."updatedAt" FROM "public"."ValidatedMapping" WHERE (("public"."ValidatedMapping"."normalizedForm" = $1 AND "public"."ValidatedMapping"."source" = $2) AND 1=1) LIMIT $3 OFFSET $4
prisma:query SELECT "public"."ValidatedMapping"."id", "public"."ValidatedMapping"."rawIngredient", "public"."ValidatedMapping"."normalizedForm", "public"."ValidatedMapping"."foodId", "public"."ValidatedMapping"."foodName", "public"."ValidatedMapping"."brandName", "public"."ValidatedMapping"."source", "public"."ValidatedMapping"."aiConfidence", "public"."ValidatedMapping"."validationReason", "public"."ValidatedMapping"."isAlias", "public"."ValidatedMapping"."canonicalRawIngredient", "public"."ValidatedMapping"."validatedAt", "public"."ValidatedMapping"."validatedBy", "public"."ValidatedMapping"."usedCount", "public"."ValidatedMapping"."lastUsedAt", "public"."ValidatedMapping"."createdAt", "public"."ValidatedMapping"."updatedAt" FROM "public"."ValidatedMapping" WHERE (("public"."ValidatedMapping"."normalizedForm" = $1 AND "public"."ValidatedMapping"."source" = $2) AND 1=1) LIMIT $3 OFFSET $4
prisma:query SELECT "public"."ValidatedMapping"."id", "public"."ValidatedMapping"."rawIngredient", "public"."ValidatedMapping"."normalizedForm", "public"."ValidatedMapping"."foodId", "public"."ValidatedMapping"."foodName", "public"."ValidatedMapping"."brandName", "public"."ValidatedMapping"."source", "public"."ValidatedMapping"."aiConfidence", "public"."ValidatedMapping"."validationReason", "public"."ValidatedMapping"."isAlias", "public"."ValidatedMapping"."canonicalRawIngredient", "public"."ValidatedMapping"."validatedAt", "public"."ValidatedMapping"."validatedBy", "public"."ValidatedMapping"."usedCount", "public"."ValidatedMapping"."lastUsedAt", "public"."ValidatedMapping"."createdAt", "public"."ValidatedMapping"."updatedAt" FROM "public"."ValidatedMapping" WHERE ("public"."ValidatedMapping"."source" = $1 AND "public"."ValidatedMapping"."normalizedForm"::text LIKE $2) ORDER BY "public"."ValidatedMapping"."usedCount" DESC, "public"."ValidatedMapping"."createdAt" ASC LIMIT $3 OFFSET $4
prisma:query SELECT "public"."LearnedSynonym"."id", "public"."LearnedSynonym"."sourceTerm", "public"."LearnedSynonym"."targetTerm", "public"."LearnedSynonym"."locale", "public"."LearnedSynonym"."category", "public"."LearnedSynonym"."source", "public"."LearnedSynonym"."confidence", "public"."LearnedSynonym"."useCount", "public"."LearnedSynonym"."successCount", "public"."LearnedSynonym"."failureCount", "public"."LearnedSynonym"."createdAt", "public"."LearnedSynonym"."lastUsedAt" FROM "public"."LearnedSynonym" WHERE "public"."LearnedSynonym"."sourceTerm" = $1 ORDER BY "public"."LearnedSynonym"."successCount" DESC, "public"."LearnedSynonym"."useCount" DESC LIMIT $2 OFFSET $3
prisma:query SELECT "public"."LearnedSynonym"."id", "public"."LearnedSynonym"."sourceTerm", "public"."LearnedSynonym"."targetTerm", "public"."LearnedSynonym"."locale", "public"."LearnedSynonym"."category", "public"."LearnedSynonym"."source", "public"."LearnedSynonym"."confidence", "public"."LearnedSynonym"."useCount", "public"."LearnedSynonym"."successCount", "public"."LearnedSynonym"."failureCount", "public"."LearnedSynonym"."createdAt", "public"."LearnedSynonym"."lastUsedAt" FROM "public"."LearnedSynonym" WHERE "public"."LearnedSynonym"."sourceTerm" = $1 ORDER BY "public"."LearnedSynonym"."successCount" DESC, "public"."LearnedSynonym"."useCount" DESC LIMIT $2 OFFSET $3
prisma:query SELECT "public"."LearnedSynonym"."id", "public"."LearnedSynonym"."sourceTerm", "public"."LearnedSynonym"."targetTerm", "public"."LearnedSynonym"."locale", "public"."LearnedSynonym"."category", "public"."LearnedSynonym"."source", "public"."LearnedSynonym"."confidence", "public"."LearnedSynonym"."useCount", "public"."LearnedSynonym"."successCount", "public"."LearnedSynonym"."failureCount", "public"."LearnedSynonym"."createdAt", "public"."LearnedSynonym"."lastUsedAt" FROM "public"."LearnedSynonym" WHERE "public"."LearnedSynonym"."sourceTerm" = $1 ORDER BY "public"."LearnedSynonym"."successCount" DESC, "public"."LearnedSynonym"."useCount" DESC LIMIT $2 OFFSET $3
{"level":"info","msg":"fdc.rerank","ts":"2026-04-08T05:36:16.029Z","query":"Fat Free Parmesan Cheese","fetchedCount":16,"promotedCount":0,"promoted":[],"finalTop3":[{"name":"fat free parmesan cheese topping","origPos":0,"priority":20},{"name":"cream fat free cheese","origPos":1,"priority":20},{"name":"parmesan dry grated reduced fat cheese","origPos":2,"priority":20}]}
{"level":"info","msg":"fdc.rerank","ts":"2026-04-08T05:36:16.029Z","query":"nonfat parmesan cheese","fetchedCount":8,"promotedCount":0,"promoted":[],"finalTop3":[{"name":"mozzarella nonfat cheese","origPos":0,"priority":20},{"name":"parmesan grated cheese","origPos":1,"priority":20},{"name":"parmesan grated cheese","origPos":2,"priority":20}]}
{"level":"info","msg":"fdc.rerank","ts":"2026-04-08T05:36:16.029Z","query":"non-fat parmesan cheese","fetchedCount":8,"promotedCount":0,"promoted":[],"finalTop3":[{"name":"fat free parmesan cheese topping","origPos":0,"priority":20},{"name":"parmesan dry grated reduced fat cheese","origPos":1,"priority":20},{"name":"vanilla non-fat yogurt","origPos":2,"priority":20}]}
prisma:query SELECT "public"."FdcFoodCache"."id", "public"."FdcFoodCache"."description", "public"."FdcFoodCache"."brandName", "public"."FdcFoodCache"."dataType", "public"."FdcFoodCache"."nutrients", "public"."FdcFoodCache"."servingSize", "public"."FdcFoodCache"."servingSizeUnit", "public"."FdcFoodCache"."syncedAt", "public"."FdcFoodCache"."expiresAt", "public"."FdcFoodCache"."createdAt", "public"."FdcFoodCache"."updatedAt" FROM "public"."FdcFoodCache" WHERE "public"."FdcFoodCache"."id" IN ($1,$2,$3) OFFSET $4
prisma:query SELECT 1
{"level":"info","msg":"gather.candidates.complete","ts":"2026-04-08T05:36:16.368Z","rawLine":"Fat Free Parmesan Cheese","liveCount":8,"fdcCount":8,"synonymMatches":16,"totalUnique":19}
{"level":"info","msg":"normalize_gate.calling_llm","ts":"2026-04-08T05:36:16.369Z","rawLine":"Fat Free Parmesan Cheese","reason":"high_confidence_tie_needs_nutrition","candidateCount":19}
prisma:query SELECT "public"."FdcFoodCache"."id", "public"."FdcFoodCache"."description", "public"."FdcFoodCache"."brandName", "public"."FdcFoodCache"."dataType", "public"."FdcFoodCache"."nutrients", "public"."FdcFoodCache"."servingSize", "public"."FdcFoodCache"."servingSizeUnit", "public"."FdcFoodCache"."syncedAt", "public"."FdcFoodCache"."expiresAt", "public"."FdcFoodCache"."createdAt", "public"."FdcFoodCache"."updatedAt" FROM "public"."FdcFoodCache" WHERE "public"."FdcFoodCache"."id" IN ($1,$2,$3) OFFSET $4
prisma:query SELECT "public"."AiNormalizeCache"."normalizedKey", "public"."AiNormalizeCache"."rawLine", "public"."AiNormalizeCache"."normalizedName", "public"."AiNormalizeCache"."canonicalBase", "public"."AiNormalizeCache"."synonyms", "public"."AiNormalizeCache"."prepPhrases", "public"."AiNormalizeCache"."sizePhrases", "public"."AiNormalizeCache"."cookingModifier", "public"."AiNormalizeCache"."estimatedCaloriesPer100g", "public"."AiNormalizeCache"."estimatedProteinPer100g", "public"."AiNormalizeCache"."estimatedCarbsPer100g", "public"."AiNormalizeCache"."estimatedFatPer100g", "public"."AiNormalizeCache"."nutritionConfidence", "public"."AiNormalizeCache"."createdAt", "public"."AiNormalizeCache"."lastUsedAt", "public"."AiNormalizeCache"."useCount" FROM "public"."AiNormalizeCache" WHERE ("public"."AiNormalizeCache"."normalizedKey" = $1 AND 1=1) LIMIT $2 OFFSET $3
prisma:query SELECT "public"."FdcFoodCache"."id", "public"."FdcFoodCache"."description", "public"."FdcFoodCache"."brandName", "public"."FdcFoodCache"."dataType", "public"."FdcFoodCache"."nutrients", "public"."FdcFoodCache"."servingSize", "public"."FdcFoodCache"."servingSizeUnit", "public"."FdcFoodCache"."syncedAt", "public"."FdcFoodCache"."expiresAt", "public"."FdcFoodCache"."createdAt", "public"."FdcFoodCache"."updatedAt" FROM "public"."FdcFoodCache" WHERE "public"."FdcFoodCache"."id" IN ($1,$2,$3) OFFSET $4
prisma:query UPDATE "public"."AiNormalizeCache" SET "useCount" = ("public"."AiNormalizeCache"."useCount" + $1), "lastUsedAt" = $2 WHERE ("public"."AiNormalizeCache"."normalizedKey" = $3 AND 1=1) RETURNING "public"."AiNormalizeCache"."normalizedKey", "public"."AiNormalizeCache"."rawLine", "public"."AiNormalizeCache"."normalizedName", "public"."AiNormalizeCache"."canonicalBase", "public"."AiNormalizeCache"."synonyms", "public"."AiNormalizeCache"."prepPhrases", "public"."AiNormalizeCache"."sizePhrases", "public"."AiNormalizeCache"."cookingModifier", "public"."AiNormalizeCache"."estimatedCaloriesPer100g", "public"."AiNormalizeCache"."estimatedProteinPer100g", "public"."AiNormalizeCache"."estimatedCarbsPer100g", "public"."AiNormalizeCache"."estimatedFatPer100g", "public"."AiNormalizeCache"."nutritionConfidence", "public"."AiNormalizeCache"."createdAt", "public"."AiNormalizeCache"."lastUsedAt", "public"."AiNormalizeCache"."useCount"
{"level":"info","msg":"mapping.ai_synonyms","ts":"2026-04-08T05:36:16.572Z","rawLine":"Fat Free Parmesan Cheese","synonyms":["parmesan","parmigiano reggiano"]}
prisma:query SELECT "public"."ValidatedMapping"."id", "public"."ValidatedMapping"."rawIngredient", "public"."ValidatedMapping"."normalizedForm", "public"."ValidatedMapping"."foodId", "public"."ValidatedMapping"."foodName", "public"."ValidatedMapping"."brandName", "public"."ValidatedMapping"."source", "public"."ValidatedMapping"."aiConfidence", "public"."ValidatedMapping"."validationReason", "public"."ValidatedMapping"."isAlias", "public"."ValidatedMapping"."canonicalRawIngredient", "public"."ValidatedMapping"."validatedAt", "public"."ValidatedMapping"."validatedBy", "public"."ValidatedMapping"."usedCount", "public"."ValidatedMapping"."lastUsedAt", "public"."ValidatedMapping"."createdAt", "public"."ValidatedMapping"."updatedAt" FROM "public"."ValidatedMapping" WHERE (("public"."ValidatedMapping"."normalizedForm" = $1 AND "public"."ValidatedMapping"."source" = $2) AND 1=1) LIMIT $3 OFFSET $4
prisma:query SELECT "public"."ValidatedMapping"."id", "public"."ValidatedMapping"."rawIngredient", "public"."ValidatedMapping"."normalizedForm", "public"."ValidatedMapping"."foodId", "public"."ValidatedMapping"."foodName", "public"."ValidatedMapping"."brandName", "public"."ValidatedMapping"."source", "public"."ValidatedMapping"."aiConfidence", "public"."ValidatedMapping"."validationReason", "public"."ValidatedMapping"."isAlias", "public"."ValidatedMapping"."canonicalRawIngredient", "public"."ValidatedMapping"."validatedAt", "public"."ValidatedMapping"."validatedBy", "public"."ValidatedMapping"."usedCount", "public"."ValidatedMapping"."lastUsedAt", "public"."ValidatedMapping"."createdAt", "public"."ValidatedMapping"."updatedAt" FROM "public"."ValidatedMapping" WHERE (("public"."ValidatedMapping"."normalizedForm" = $1 AND "public"."ValidatedMapping"."source" = $2) AND 1=1) LIMIT $3 OFFSET $4
prisma:query SELECT "public"."ValidatedMapping"."id", "public"."ValidatedMapping"."rawIngredient", "public"."ValidatedMapping"."normalizedForm", "public"."ValidatedMapping"."foodId", "public"."ValidatedMapping"."foodName", "public"."ValidatedMapping"."brandName", "public"."ValidatedMapping"."source", "public"."ValidatedMapping"."aiConfidence", "public"."ValidatedMapping"."validationReason", "public"."ValidatedMapping"."isAlias", "public"."ValidatedMapping"."canonicalRawIngredient", "public"."ValidatedMapping"."validatedAt", "public"."ValidatedMapping"."validatedBy", "public"."ValidatedMapping"."usedCount", "public"."ValidatedMapping"."lastUsedAt", "public"."ValidatedMapping"."createdAt", "public"."ValidatedMapping"."updatedAt" FROM "public"."ValidatedMapping" WHERE ("public"."ValidatedMapping"."source" = $1 AND "public"."ValidatedMapping"."normalizedForm"::text LIKE $2) ORDER BY "public"."ValidatedMapping"."usedCount" DESC, "public"."ValidatedMapping"."createdAt" ASC LIMIT $3 OFFSET $4
{"level":"info","msg":"fdc.rerank","ts":"2026-04-08T05:36:16.872Z","query":"fat free parmesan cheese","fetchedCount":16,"promotedCount":0,"promoted":[],"finalTop3":[{"name":"fat free parmesan cheese topping","origPos":0,"priority":20},{"name":"cream fat free cheese","origPos":1,"priority":20},{"name":"parmesan dry grated reduced fat cheese","origPos":2,"priority":20}]}
{"level":"info","msg":"fdc.rerank","ts":"2026-04-08T05:36:16.872Z","query":"nonfat parmesan cheese","fetchedCount":8,"promotedCount":0,"promoted":[],"finalTop3":[{"name":"mozzarella nonfat cheese","origPos":0,"priority":20},{"name":"parmesan grated cheese","origPos":1,"priority":20},{"name":"parmesan grated cheese","origPos":2,"priority":20}]}
{"level":"info","msg":"fdc.rerank","ts":"2026-04-08T05:36:16.872Z","query":"non-fat parmesan cheese","fetchedCount":8,"promotedCount":0,"promoted":[],"finalTop3":[{"name":"fat free parmesan cheese topping","origPos":0,"priority":20},{"name":"parmesan dry grated reduced fat cheese","origPos":1,"priority":20},{"name":"vanilla non-fat yogurt","origPos":2,"priority":20}]}
prisma:query SELECT "public"."FdcFoodCache"."id", "public"."FdcFoodCache"."description", "public"."FdcFoodCache"."brandName", "public"."FdcFoodCache"."dataType", "public"."FdcFoodCache"."nutrients", "public"."FdcFoodCache"."servingSize", "public"."FdcFoodCache"."servingSizeUnit", "public"."FdcFoodCache"."syncedAt", "public"."FdcFoodCache"."expiresAt", "public"."FdcFoodCache"."createdAt", "public"."FdcFoodCache"."updatedAt" FROM "public"."FdcFoodCache" WHERE "public"."FdcFoodCache"."id" IN ($1,$2,$3) OFFSET $4
prisma:query SELECT "public"."FdcFoodCache"."id", "public"."FdcFoodCache"."description", "public"."FdcFoodCache"."brandName", "public"."FdcFoodCache"."dataType", "public"."FdcFoodCache"."nutrients", "public"."FdcFoodCache"."servingSize", "public"."FdcFoodCache"."servingSizeUnit", "public"."FdcFoodCache"."syncedAt", "public"."FdcFoodCache"."expiresAt", "public"."FdcFoodCache"."createdAt", "public"."FdcFoodCache"."updatedAt" FROM "public"."FdcFoodCache" WHERE "public"."FdcFoodCache"."id" IN ($1,$2,$3) OFFSET $4
{"level":"info","msg":"gather.candidates.complete","ts":"2026-04-08T05:36:17.220Z","rawLine":"Fat Free Parmesan Cheese","liveCount":8,"fdcCount":8,"synonymMatches":20,"totalUnique":23}
[DEBUG] hasCriticalModifierMismatch: Evaluating Fat Free Parmesan Cheese Topping. nutrition.fat=5.066666666666667
[DEBUG] hasCriticalModifierMismatch: REJECTED Fat Free Parmesan Cheese Topping
[DEBUG] hasCriticalModifierMismatch: Evaluating Parmesan Cheese (Fat Free Topping). nutrition.fat=5.008818342151675
[DEBUG] hasCriticalModifierMismatch: REJECTED Parmesan Cheese (Fat Free Topping)
[DEBUG] hasCriticalModifierMismatch: Evaluating Hard Parmesan Cheese. nutrition.fat=25.83
[DEBUG] hasCriticalModifierMismatch: REJECTED Hard Parmesan Cheese
[DEBUG] hasCriticalModifierMismatch: Evaluating Dry Grated Parmesan Cheese. nutrition.fat=28.599999999999998
[DEBUG] hasCriticalModifierMismatch: REJECTED Dry Grated Parmesan Cheese
[DEBUG] hasCriticalModifierMismatch: Evaluating Low Sodium Parmesan Cheese. nutrition.fat=30
[DEBUG] hasCriticalModifierMismatch: REJECTED Low Sodium Parmesan Cheese
[DEBUG] hasCriticalModifierMismatch: Evaluating Fat Free American Cheese. nutrition.fat=0.8095238095238095
[DEBUG] hasCriticalModifierMismatch: Evaluating Fat Free Cholesterol Free Danish Pastry with Cheese. nutrition.fat=0.625
[DEBUG] hasCriticalModifierMismatch: Evaluating Nonfat or Fat Free Mozzarella Cheese. nutrition.fat=0
[DEBUG] hasCriticalModifierMismatch: Evaluating fat free parmesan cheese topping. nutrition.fat=5
[DEBUG] hasCriticalModifierMismatch: REJECTED fat free parmesan cheese topping
[DEBUG] hasCriticalModifierMismatch: Evaluating cream fat free cheese. nutrition.fat=1
[DEBUG] hasCriticalModifierMismatch: Evaluating parmesan dry grated reduced fat cheese. nutrition.fat=20
[DEBUG] hasCriticalModifierMismatch: REJECTED parmesan dry grated reduced fat cheese
[DEBUG] hasCriticalModifierMismatch: Evaluating american nonfat or fat free cheese. nutrition.fat=0
[DEBUG] hasCriticalModifierMismatch: Evaluating cheddar nonfat or fat free cheese. nutrition.fat=0
[DEBUG] hasCriticalModifierMismatch: Evaluating swiss nonfat or fat free cheese. nutrition.fat=0
[DEBUG] hasCriticalModifierMismatch: Evaluating parmesan grated cheese. nutrition.fat=27.8
[DEBUG] hasCriticalModifierMismatch: REJECTED parmesan grated cheese
[DEBUG] hasCriticalModifierMismatch: Evaluating parmesan grated cheese. nutrition.fat=28
[DEBUG] hasCriticalModifierMismatch: REJECTED parmesan grated cheese
[DEBUG] hasCriticalModifierMismatch: Evaluating mozzarella nonfat cheese. nutrition.fat=0
[DEBUG] hasCriticalModifierMismatch: Evaluating parmesan hard cheese. nutrition.fat=25
[DEBUG] hasCriticalModifierMismatch: REJECTED parmesan hard cheese
[DEBUG] hasCriticalModifierMismatch: Evaluating vanilla non-fat yogurt. nutrition.fat=0
[DEBUG] hasCriticalModifierMismatch: Evaluating Parmesan Cheese (Shredded). nutrition.fat=27.400000000000002
[DEBUG] hasCriticalModifierMismatch: REJECTED Parmesan Cheese (Shredded)
[DEBUG] hasCriticalModifierMismatch: Evaluating Parmesan Cheese (Grated). nutrition.fat=28.599999999999998
[DEBUG] hasCriticalModifierMismatch: REJECTED Parmesan Cheese (Grated)
[DEBUG] hasCriticalModifierMismatch: Evaluating Parmigiano Reggiano Cheese. nutrition.fat=28.571428571428573
[DEBUG] hasCriticalModifierMismatch: REJECTED Parmigiano Reggiano Cheese
[DEBUG] hasCriticalModifierMismatch: Evaluating Parmigiano Reggiano Cheese. nutrition.fat=30
[DEBUG] hasCriticalModifierMismatch: REJECTED Parmigiano Reggiano Cheese
{"level":"info","msg":"mapping.relaxed_filter_recovery","ts":"2026-04-08T05:36:17.225Z","rawLine":"Fat Free Parmesan Cheese","recoveredCount":21}
prisma:query SELECT "public"."FdcFoodCache"."id", "public"."FdcFoodCache"."description", "public"."FdcFoodCache"."brandName", "public"."FdcFoodCache"."dataType", "public"."FdcFoodCache"."nutrients", "public"."FdcFoodCache"."servingSize", "public"."FdcFoodCache"."servingSizeUnit", "public"."FdcFoodCache"."syncedAt", "public"."FdcFoodCache"."expiresAt", "public"."FdcFoodCache"."createdAt", "public"."FdcFoodCache"."updatedAt" FROM "public"."FdcFoodCache" WHERE "public"."FdcFoodCache"."id" IN ($1,$2,$3) OFFSET $4
prisma:query SELECT "public"."AiGeneratedFood"."id", "public"."AiGeneratedFood"."ingredientName", "public"."AiGeneratedFood"."rawLine", "public"."AiGeneratedFood"."displayName", "public"."AiGeneratedFood"."caloriesPer100g", "public"."AiGeneratedFood"."proteinPer100g", "public"."AiGeneratedFood"."carbsPer100g", "public"."AiGeneratedFood"."fatPer100g", "public"."AiGeneratedFood"."fiberPer100g", "public"."AiGeneratedFood"."sugarPer100g", "public"."AiGeneratedFood"."sodiumMgPer100g", "public"."AiGeneratedFood"."saturatedFatPer100g", "public"."AiGeneratedFood"."cholesterolMgPer100g", "public"."AiGeneratedFood"."aiConfidence", "public"."AiGeneratedFood"."aiModel", "public"."AiGeneratedFood"."aiNotes", "public"."AiGeneratedFood"."baseFoodName", "public"."AiGeneratedFood"."baseFoodSource", "public"."AiGeneratedFood"."reviewStatus", "public"."AiGeneratedFood"."expiresAt", "public"."AiGeneratedFood"."createdAt", "public"."AiGeneratedFood"."updatedAt", "public"."AiGeneratedFood"."useCount" FROM "public"."AiGeneratedFood" WHERE ("public"."AiGeneratedFood"."ingredientName" = $1 AND 1=1) LIMIT $2 OFFSET $3
{"level":"info","msg":"ai_nutrition.cache_hit","ts":"2026-04-08T05:36:17.419Z","normalizedName":"fat free parmesan cheese","foodId":"cmnpltpij00007zm17dqw5t6y"}
prisma:query SELECT "public"."AiGeneratedServing"."id", "public"."AiGeneratedServing"."foodId", "public"."AiGeneratedServing"."label", "public"."AiGeneratedServing"."grams", "public"."AiGeneratedServing"."volumeMl", "public"."AiGeneratedServing"."aiConfidence", "public"."AiGeneratedServing"."aiNotes", "public"."AiGeneratedServing"."createdAt" FROM "public"."AiGeneratedServing" WHERE (("public"."AiGeneratedServing"."foodId" = $1 AND "public"."AiGeneratedServing"."label" = $2) AND 1=1) LIMIT $3 OFFSET $4
prisma:query UPDATE "public"."AiGeneratedFood" SET "useCount" = ("public"."AiGeneratedFood"."useCount" + $1), "updatedAt" = $2 WHERE ("public"."AiGeneratedFood"."id" = $3 AND 1=1) RETURNING "public"."AiGeneratedFood"."id", "public"."AiGeneratedFood"."ingredientName", "public"."AiGeneratedFood"."rawLine", "public"."AiGeneratedFood"."displayName", "public"."AiGeneratedFood"."caloriesPer100g", "public"."AiGeneratedFood"."proteinPer100g", "public"."AiGeneratedFood"."carbsPer100g", "public"."AiGeneratedFood"."fatPer100g", "public"."AiGeneratedFood"."fiberPer100g", "public"."AiGeneratedFood"."sugarPer100g", "public"."AiGeneratedFood"."sodiumMgPer100g", "public"."AiGeneratedFood"."saturatedFatPer100g", "public"."AiGeneratedFood"."cholesterolMgPer100g", "public"."AiGeneratedFood"."aiConfidence", "public"."AiGeneratedFood"."aiModel", "public"."AiGeneratedFood"."aiNotes", "public"."AiGeneratedFood"."baseFoodName", "public"."AiGeneratedFood"."baseFoodSource", "public"."AiGeneratedFood"."reviewStatus", "public"."AiGeneratedFood"."expiresAt", "public"."AiGeneratedFood"."createdAt", "public"."AiGeneratedFood"."updatedAt", "public"."AiGeneratedFood"."useCount"
prisma:query SELECT "public"."AiGeneratedServing"."id", "public"."AiGeneratedServing"."foodId", "public"."AiGeneratedServing"."label", "public"."AiGeneratedServing"."grams", "public"."AiGeneratedServing"."volumeMl", "public"."AiGeneratedServing"."aiConfidence", "public"."AiGeneratedServing"."aiNotes", "public"."AiGeneratedServing"."createdAt" FROM "public"."AiGeneratedServing" WHERE (("public"."AiGeneratedServing"."foodId" = $1 AND "public"."AiGeneratedServing"."label" = $2) AND 1=1) LIMIT $3 OFFSET $4
prisma:query SELECT "public"."AiGeneratedServing"."id", "public"."AiGeneratedServing"."foodId", "public"."AiGeneratedServing"."label", "public"."AiGeneratedServing"."grams", "public"."AiGeneratedServing"."volumeMl", "public"."AiGeneratedServing"."aiConfidence", "public"."AiGeneratedServing"."aiNotes", "public"."AiGeneratedServing"."createdAt" FROM "public"."AiGeneratedServing" WHERE (("public"."AiGeneratedServing"."foodId" = $1 AND "public"."AiGeneratedServing"."label" = $2) AND 1=1) LIMIT $3 OFFSET $4

≡ƒôè Mapping Analysis Session Started
   Detailed log: C:\Dev\Recipe App\logs\mapping-analysis-2026-04-08T05-36-17.json
   Quick summary: C:\Dev\Recipe App\logs\mapping-summary-2026-04-08T05-36-17.txt


================================================================================
≡ƒôè MAPPING: Fat Free Parmesan Cheese
================================================================================
≡ƒô¥ Parsed: 1  Fat Free Parmesan Cheese

≡ƒÅå Top Candidates:

Γ£ô Selected: Fat Free Parmesan Cheese
  Confidence: 0.720
  Reason: ai_nutrition_cache_hit
  ≡ƒôè Macros (per 100g): 373kcal | P:40g C:40g F:5.1g

≡ƒôÅ Serving: 1 ├ù 100g (100g)
  ΓÜí Backfilled: weight

Γ£à Result: SUCCESS
{"level":"info","msg":"mapping.ai_nutrition_backfill_success","ts":"2026-04-08T05:36:17.808Z","rawLine":"Fat Free Parmesan Cheese","foodName":"Fat Free Parmesan Cheese","confidence":0.7200000000000001,"cached":true}
prisma:query SELECT "public"."FatSecretFoodCache"."id", "public"."FatSecretFoodCache"."name", "public"."FatSecretFoodCache"."brandName", "public"."FatSecretFoodCache"."foodType", "public"."FatSecretFoodCache"."country", "public"."FatSecretFoodCache"."description", "public"."FatSecretFoodCache"."defaultServingId", "public"."FatSecretFoodCache"."source", "public"."FatSecretFoodCache"."confidence", "public"."FatSecretFoodCache"."nutrientsPer100g", "public"."FatSecretFoodCache"."legacyFoodId", "public"."FatSecretFoodCache"."hash", "public"."FatSecretFoodCache"."syncedAt", "public"."FatSecretFoodCache"."expiresAt", "public"."FatSecretFoodCache"."createdAt", "public"."FatSecretFoodCache"."updatedAt" FROM "public"."FatSecretFoodCache" WHERE ("public"."FatSecretFoodCache"."id" = $1 AND 1=1) LIMIT $2 OFFSET $3
prisma:query SELECT "public"."FatSecretFoodCache"."id", "public"."FatSecretFoodCache"."name", "public"."FatSecretFoodCache"."brandName", "public"."FatSecretFoodCache"."foodType", "public"."FatSecretFoodCache"."country", "public"."FatSecretFoodCache"."description", "public"."FatSecretFoodCache"."defaultServingId", "public"."FatSecretFoodCache"."source", "public"."FatSecretFoodCache"."confidence", "public"."FatSecretFoodCache"."nutrientsPer100g", "public"."FatSecretFoodCache"."legacyFoodId", "public"."FatSecretFoodCache"."hash", "public"."FatSecretFoodCache"."syncedAt", "public"."FatSecretFoodCache"."expiresAt", "public"."FatSecretFoodCache"."createdAt", "public"."FatSecretFoodCache"."updatedAt" FROM "public"."FatSecretFoodCache" WHERE ("public"."FatSecretFoodCache"."id" = $1 AND 1=1) LIMIT $2 OFFSET $3
prisma:query SELECT "public"."AiGeneratedFood"."id", "public"."AiGeneratedFood"."ingredientName", "public"."AiGeneratedFood"."rawLine", "public"."AiGeneratedFood"."displayName", "public"."AiGeneratedFood"."caloriesPer100g", "public"."AiGeneratedFood"."proteinPer100g", "public"."AiGeneratedFood"."carbsPer100g", "public"."AiGeneratedFood"."fatPer100g", "public"."AiGeneratedFood"."fiberPer100g", "public"."AiGeneratedFood"."sugarPer100g", "public"."AiGeneratedFood"."sodiumMgPer100g", "public"."AiGeneratedFood"."saturatedFatPer100g", "public"."AiGeneratedFood"."cholesterolMgPer100g", "public"."AiGeneratedFood"."aiConfidence", "public"."AiGeneratedFood"."aiModel", "public"."AiGeneratedFood"."aiNotes", "public"."AiGeneratedFood"."baseFoodName", "public"."AiGeneratedFood"."baseFoodSource", "public"."AiGeneratedFood"."reviewStatus", "public"."AiGeneratedFood"."expiresAt", "public"."AiGeneratedFood"."createdAt", "public"."AiGeneratedFood"."updatedAt", "public"."AiGeneratedFood"."useCount" FROM "public"."AiGeneratedFood" WHERE ("public"."AiGeneratedFood"."ingredientName" = $1 AND 1=1) LIMIT $2 OFFSET $3
{"level":"info","msg":"ai_nutrition.cache_hit","ts":"2026-04-08T05:36:18.406Z","normalizedName":"fat free parmesan cheese","foodId":"cmnpltpij00007zm17dqw5t6y"}

================================================================================
≡ƒôè MAPPING: 8 oz parmesan cheese fat free
================================================================================
≡ƒô¥ Parsed: 8 oz parmesan cheese fat free

≡ƒÅå Top Candidates:

Γ£ô Selected: Fat Free Parmesan Cheese
  Confidence: 0.720
  Reason: ai_nutrition_cache_hit
  ≡ƒôè Macros (per 226.796g): 845.94908kcal | P:90.7184g C:90.7184g F:11.566595999999999g

≡ƒôÅ Serving: 8 oz (226.796g)
  ΓÜí Backfilled: weight

Γ£à Result: SUCCESS
{"level":"info","msg":"mapping.ai_nutrition_backfill_success","ts":"2026-04-08T05:36:18.408Z","rawLine":"8 oz parmesan cheese fat free","foodName":"Fat Free Parmesan Cheese","confidence":0.7200000000000001,"cached":true}
Query: "8 oz parmesan cheese fat free"
{
  source: 'ai_generated',
  foodId: 'cmnpltpij00007zm17dqw5t6y',
  foodName: 'Fat Free Parmesan Cheese',
  brandName: null,
  servingId: null,
  servingDescription: '8 oz',
  grams: 226.796,
  kcal: 845.94908,
  protein: 90.7184,
  carbs: 90.7184,
  fat: 11.566595999999999,
  confidence: 0.7200000000000001,
  quality: 'medium',
  rawLine: '8 oz parmesan cheese fat free'
}
