============================================================
AI Cost Reduction Refactor - Verification Tests
============================================================

--- Step 3: Multi-Query Gather Variants ---

MODIFIER_SYNONYM_GROUPS count: 8
Groups: fat free, reduced fat, unsweetened, whole grain, extra lean, lean, organic, whole

buildQueryVariants("fat free milk"):
  1. fat free milk
  2. fat-free milk
  3. nonfat milk
  4. non-fat milk
  5. skim milk
  6. 0% milk
  7. zero fat milk

buildQueryVariants("unsweetened cocoa"):
  1. unsweetened cocoa
  2. no sugar added cocoa
  3. sugar free cocoa
  4. sugar-free cocoa
  5. no sugar cocoa
  6. zero sugar cocoa

--- Step 4: Modifier Constraints ---

extractModifierConstraints("1 cup fat free milk"):
  Required tokens: fat free, fat-free, nonfat, non-fat, skim
  Banned tokens: 2%, 1%, whole, full fat, regular

Applying constraints to candidates:
  "Fat Free Milk": penalty=0.00, rejected=false
  "2% Reduced Fat Milk": penalty=1.00, rejected=true
  "Whole Milk": penalty=1.00, rejected=true

--- Step 7: Count Defaults ---

getDefaultCountServing():
  egg (default): 50g, confidence=0.95
  banana (medium): 118g, confidence=0.95
  apple (large): 223g, confidence=0.9
  garlic clove (default): 3g, confidence=0.9
  bacon strip (default): 12g, confidence=0.85
  sweetener packet (default): 1g, confidence=0.9

============================================================
VERIFICATION COMPLETE
============================================================

Γ£ô Step 3: MODIFIER_SYNONYM_GROUPS has 8 groups
Γ£ô Step 3: buildQueryVariants expands modifiers correctly
Γ£ô Step 4: extractModifierConstraints extracts required/banned tokens
Γ£ô Step 4: applyModifierConstraints penalizes mismatches
Γ£ô Step 7: getDefaultCountServing returns weights for common items

