================================================================================
PHASE 0 VALIDATION: AutoMapper Bug Fix Tests
================================================================================

Γ£à PASS: Lean beef with number
   Preserves "90 lean" qualifier

Γ£à PASS: Lean beef with percentage
   Preserves "93%" qualifier

Γ£à PASS: Lean beef 80/20
   Preserves ground beef compound (80/20 might be stripped by parser)

Γ£à PASS: Rice vinegar
   Does not simplify to generic "vinegar"

Γ£à PASS: Apple cider vinegar
   Does not simplify to generic "vinegar" or "cider"

Γ£à PASS: Balsamic vinegar
   Does not simplify to generic "vinegar"

Γ£à PASS: Soy sauce
   Does not simplify to generic "sauce"

Γ£à PASS: Fish sauce
   Does not simplify to generic "sauce"

Γ£à PASS: Olive oil
   Does not simplify to generic "oil"

Γ£à PASS: Coconut oil
   Does not simplify to generic "oil"

Γ£à PASS: Vegetable oil
   Keeps "vegetable oil" together

Γ£à PASS: All-purpose flour
   Non-protected ingredients still get generic fallbacks

Γ£à PASS: Simple ingredient (salt)
   Simple ingredients work as before

================================================================================
TEST SUMMARY
================================================================================
Total:  13
Passed: 13 Γ£à
Failed: 0 

Γ£à All tests passed! Ready to proceed with AI validation implementation.
