
> recipe-app-starter@0.1.0 test
> jest src/lib/fatsecret/__tests__/map-ingredient-validation.test.ts

  console.debug
    {"level":"debug","msg":"fatsecret.map.ai_normalize_skipped","ts":"2025-11-27T03:15:11.713Z","rawLine":"ambiguous query","reason":"not needed"}

      at log (src/lib/logger.ts:25:58)

  console.info
    {"level":"info","msg":"fatsecret.map.ai_rerank_used","ts":"2025-11-27T03:15:11.735Z","rawLine":"ambiguous query","pickedId":"c2","aiConfidence":0.9,"isAmbiguous":false,"rationale":"Better match"}

      at log (src/lib/logger.ts:28:15)

  console.debug
    {"level":"debug","msg":"fatsecret.map.ai_normalize_skipped","ts":"2025-11-27T03:15:11.741Z","rawLine":"bad query","reason":"not needed"}

      at log (src/lib/logger.ts:25:58)

  console.debug
    {"level":"debug","msg":"fatsecret.map.ai_normalize_skipped","ts":"2025-11-27T03:15:11.743Z","rawLine":"impossible query","reason":"not needed"}

      at log (src/lib/logger.ts:25:58)

node.exe : FAIL api src/lib/fatsecret/__tests__/
map-ingredient-validation.test.ts
At C:\nvm4w\nodejs\npm.ps1:16 char:5
+     & "$basedir/node$exe"  
"$basedir/node_modules/npm/bin/npm-cli.js" ...
+     ~~~~~~~~~~~~~~~~~~~~~~~~~~~~~~~~~~~~~~~~~~
~~~~~~~~~~~~~~~~~~~~~~~
    + CategoryInfo          : NotSpecified: (FA 
   IL api src/li...idation.test.ts:String) [],  
   RemoteException
    + FullyQualifiedErrorId : NativeCommandErro 
   r
 
  mapIngredientWithFatsecret Validation Flow
    ΓêÜ should return cached mapping 
immediately if found (4 ms)
    ├ù should use AI rerank and save to cache 
on success (27 ms)
    ├ù should retry with refined query if 
initial search fails (2 ms)
    ΓêÜ should track failure if all attempts 
fail (1 ms)

  ΓùÅ mapIngredientWithFatsecret Validation 
Flow ΓÇ║ should use AI rerank and save to cache 
on success

    expect(jest.fn()).toHaveBeenCalledWith(...ex
pected)

    Expected: "ambiguous query", 
ObjectContaining {"foodId": "c2"}, 
ObjectContaining {"approved": true, 
"confidence": 0.9}

    Number of calls: 0

    [0m [90m 76 |[39m         expect(rerankFa
tsecretCandidates)[33m.[39mtoHaveBeenCalled()
[33m;[39m
     [90m 77 |[39m         expect(result[33m?
[39m[33m.[39mfoodId)[33m.[39mtoBe([32m'c2'
[39m)[33m;[39m
    [31m[1m>[22m[39m[90m 78 |[39m         
expect(saveValidatedMapping)[33m.[39mtoHaveBee
nCalledWith(
     [90m    |[39m                            
          [31m[1m^[22m[39m
     [90m 79 |[39m             
[32m'ambiguous query'[39m[33m,[39m
     [90m 80 |[39m             
expect[33m.[39mobjectContaining({ 
foodId[33m:[39m [32m'c2'[39m })[33m,[39m
     [90m 81 |[39m             
expect[33m.[39mobjectContaining({ 
approved[33m:[39m [36mtrue[39m[33m,[39m 
confidence[33m:[39m [35m0.9[39m })[0m

      at Object.<anonymous> (src/lib/fatsecret/_
_tests__/map-ingredient-validation.test.ts:78:38
)

  ΓùÅ mapIngredientWithFatsecret Validation 
Flow ΓÇ║ should retry with refined query if 
initial search fails

    expect(jest.fn()).toHaveBeenCalledWith(...ex
pected)

    Expected: "bad query", Any<Array>

    Number of calls: 0

    [0m [90m  99 |[39m         
[36mconst[39m result [33m=[39m 
[36mawait[39m 
mapIngredientWithFatsecret([32m'bad 
query'[39m[33m,[39m { client[33m:[39m 
mockClient })[33m;[39m
     [90m 100 |[39m
    [31m[1m>[22m[39m[90m 101 |[39m        
 expect(refineSearchQuery)[33m.[39mtoHaveBeenC
alledWith([32m'bad query'[39m[33m,[39m expec
t[33m.[39many([33mArray[39m))[33m;[39m
     [90m     |[39m                           
        [31m[1m^[22m[39m
     [90m 102 |[39m         expect(mockClient
[33m.[39msearchFoodsV4)[33m.[39mtoHaveBeenCal
ledWith([32m'refined query'[39m[33m,[39m exp
ect[33m.[39many([33mObject[39m))[33m;[39m
     [90m 103 |[39m         expect(result[33m
?[39m[33m.[39mfoodId)[33m.[39mtoBe([32m'r1
'[39m)[33m;[39m
     [90m 104 |[39m     })[33m;[39m[0m

      at Object.<anonymous> (src/lib/fatsecret/_
_tests__/map-ingredient-validation.test.ts:101:3
5)

Test Suites: 1 failed, 1 total
Tests:       2 failed, 2 passed, 4 total
Snapshots:   0 total
Time:        0.431 s
Ran all test suites matching /src\\lib\\fatsecre
t\\__tests__\\map-ingredient-validation.test.ts/
i.
